[2026-07-28T12:39:00.657Z] [CLICK] [URL: /] - User clicked on button element: "No label"
[2026-07-28T12:39:00.688Z] [CLICK] [URL: /] - User clicked on a element: "הגדרות" (href: /settings)
[2026-07-28T12:39:03.117Z] [CLICK] [URL: /settings] - User clicked on button element: "כהה (Dark)"
[2026-07-28T12:39:05.767Z] [CLICK] [URL: /settings] - User clicked on button element: "שמור הגדרות"
[2026-07-28T12:41:59.028Z] [CLICK] [URL: /settings] - User clicked on a element: "No label" (href: /)
[2026-07-28T12:42:02.608Z] [CLICK] [URL: /] - User clicked on button element: "AI"
[2026-07-28T12:42:23.941Z] [CLICK] [URL: /] - User clicked on button element: "סטארט-אפים והשקעות"
[2026-07-28T12:42:30.459Z] [CLICK] [URL: /] - User clicked on button element: "No label"
[2026-07-28T12:42:42.225Z] [CLICK] [URL: /] - User clicked on button element: "No label"
[2026-07-28T12:43:20.079Z] [CLICK] [URL: /] - User clicked on button element: "No label"
[2026-07-28T12:59:09.938Z] [CLICK] [URL: /] - User clicked on button element: "AI"
[2026-07-28T12:59:39.643Z] [CLICK] [URL: /] - User clicked on a element: "[Walla]כתב אישום: סגן ראש עיריית באר שבע תקף שני עובדי תחנת דלק בעקבות מוזיקה בערבית" (href: https://news.walla.co.il/item/3856776)
[2026-07-28T13:02:54.421Z] [CLICK] [URL: /] - User clicked on button element: "ראשי"
[2026-07-28T14:27:50.796Z] [CLICK] [URL: /] - User clicked on button element: "No label"
[2026-07-28T14:27:52.325Z] [CLICK] [URL: /] - User clicked on a element: "הגדרות" (href: /settings)
[2026-07-28T14:46:38.916Z] [CLICK] [URL: /] - User clicked on button element: "No label"
[2026-07-28T14:46:40.225Z] [CLICK] [URL: /] - User clicked on a element: "הגדרות" (href: /settings)
[2026-07-28T14:47:35.607Z] [CLICK] [URL: /] - User clicked on button element: "No label"
[2026-07-28T14:47:36.826Z] [CLICK] [URL: /] - User clicked on a element: "הגדרות" (href: /settings)
[2026-07-28T14:47:42.754Z] [CLICK] [URL: /settings] - User clicked on button element: "שמור הגדרות"
[2026-07-28T14:47:47.118Z] [CLICK] [URL: /settings] - User clicked on a element: "No label" (href: /)
[2026-07-28T14:48:01.304Z] [CLICK] [URL: /] - User clicked on button element: "הייטק"
[2026-07-28T14:48:09.656Z] [CLICK] [URL: /] - User clicked on button element: "סטארט-אפים והשקעות"
[2026-07-28T14:48:12.216Z] [CLICK] [URL: /] - User clicked on button element: "AI"
[2026-07-28T14:48:21.944Z] [CLICK] [URL: /] - User clicked on button element: "ראשי"
[2026-07-28T14:49:05.113Z] [CLICK] [URL: /] - User clicked on a element: "קרא בכתבה המקורית" (href: https://www.pc.co.il/featured/455865/)
[2026-07-28T14:49:18.567Z] [CLICK] [URL: /] - User clicked on button element: "No label"
[2026-07-28T14:49:20.231Z] [CLICK] [URL: /] - User clicked on a element: "מקורות" (href: /sources)
[2026-07-28T14:49:22.870Z] [CLICK] [URL: /sources] - User clicked on button element: "No label"
[2026-07-28T14:49:23.916Z] [CLICK] [URL: /sources] - User clicked on a element: "הגדרות" (href: /settings)
[2026-07-28T14:49:25.717Z] [CLICK] [URL: /settings] - User clicked on button element: "יער (Forest)"
[2026-07-28T14:49:27.511Z] [CLICK] [URL: /settings] - User clicked on button element: "סייברפאנק (Cyberpunk)"
[2026-07-28T14:49:29.770Z] [CLICK] [URL: /settings] - User clicked on button element: "אוקיינוס (Ocean)"
[2026-07-28T14:49:30.916Z] [CLICK] [URL: /settings] - User clicked on button element: "שקיעה (Sunset)"
[2026-07-28T14:49:32.391Z] [CLICK] [URL: /settings] - User clicked on button element: "דרקולה (Dracula)"
[2026-07-28T14:50:16.117Z] [CLICK] [URL: /settings] - User clicked on button element: "שמור הגדרות"
[2026-07-28T14:50:22.494Z] [CLICK] [URL: /settings] - User clicked on a element: "No label" (href: /)
[2026-07-28T14:50:38.409Z] [CLICK] [URL: /] - User clicked on button element: "כלכלה"
[2026-07-28T14:50:50.282Z] [CLICK] [URL: /] - User clicked on button element: "AI"
[2026-07-28T14:50:52.661Z] [CLICK] [URL: /] - User clicked on button element: "No label"
[2026-07-28T14:50:54.016Z] [CLICK] [URL: /] - User clicked on a element: "הגדרות" (href: /settings)
[2026-07-28T14:51:17.115Z] [CLICK] [URL: /settings] - User clicked on a element: "No label" (href: /)
[2026-08-18T12:22:58.486Z] [CLICK] [URL: /] - User clicked on button element: "No label"
[2026-08-18T12:22:59.450Z] [CLICK] [URL: /] - User clicked on a element: "הגדרות" (href: /settings)
[2026-08-18T12:23:34.702Z] [CLICK] [URL: /settings] - User clicked on button element: "כהה (Dark)"
[2026-08-18T12:23:35.877Z] [CLICK] [URL: /settings] - User clicked on button element: "יער (Forest)"
[2026-08-18T12:23:37.138Z] [CLICK] [URL: /settings] - User clicked on button element: "סייברפאנק (Cyberpunk)"
[2026-08-18T12:23:38.337Z] [CLICK] [URL: /settings] - User clicked on button element: "אוקיינוס (Ocean)"
[2026-08-18T12:23:39.682Z] [CLICK] [URL: /settings] - User clicked on button element: "שקיעה (Sunset)"
[2026-08-18T12:23:40.890Z] [CLICK] [URL: /settings] - User clicked on button element: "דרקולה (Dracula)"
[2026-08-18T12:23:42.481Z] [CLICK] [URL: /settings] - User clicked on button element: "כהה (Dark)"
[2026-08-18T12:23:45.395Z] [CLICK] [URL: /settings] - User clicked on a element: "No label" (href: /)
[2026-08-18T12:24:17.954Z] [CLICK] [URL: /] - User clicked on button element: "הייטק"
[2026-08-18T12:24:24.238Z] [CLICK] [URL: /] - User clicked on button element: "סטארט-אפים והשקעות"
[2026-08-18T12:26:42.994Z] [CLICK] [URL: /] - User clicked on button element: "AI"
[2026-08-18T12:26:50.435Z] [CLICK] [URL: /] - User clicked on button element: "כלכלה"
[2026-08-18T12:27:11.784Z] [CLICK] [URL: /] - User clicked on button element: "No label"
[2026-08-18T12:27:30.881Z] [CLICK] [URL: /] - User clicked on button element: "No label"
[2026-08-18T12:27:56.775Z] [CLICK] [URL: /] - User clicked on button element: "No label"
[2026-08-18T12:27:58.173Z] [CLICK] [URL: /] - User clicked on a element: "הגדרות" (href: /settings)
[2026-08-18T12:28:23.368Z] [CLICK] [URL: /settings] - User clicked on button element: "שמור הגדרות"
[2026-08-18T12:28:26.462Z] [CLICK] [URL: /settings] - User clicked on a element: "No label" (href: /)
[2026-08-18T12:28:31.939Z] [CLICK] [URL: /] - User clicked on button element: "עולם הרכב החשמלי"
[2026-08-18T12:28:41.671Z] [CLICK] [URL: /] - User clicked on button element: "עולם הרכב החשמלי"
[2026-08-18T12:28:42.482Z] [CLICK] [URL: /] - User clicked on button element: "כלכלה"
[2026-08-18T12:28:44.434Z] [CLICK] [URL: /] - User clicked on button element: "עולם הרכב החשמלי"
[2026-08-18T12:29:08.153Z] [CLICK] [URL: /] - User clicked on button element: "No label"
[2026-08-18T12:29:09.868Z] [CLICK] [URL: /] - User clicked on a element: "מקורות" (href: /sources)
[2026-08-18T12:31:11.801Z] [CLICK] [URL: /sources] - User clicked on a element: "No label" (href: /)
[2026-08-24T14:37:03.282Z] [CLICK] [URL: /] - User clicked on button element: "No label"
[2026-08-24T14:37:04.043Z] [CLICK] [URL: /] - User clicked on a element: "מקורות" (href: /sources)
[2026-08-24T14:38:13.643Z] [CLICK] [URL: /sources] - User clicked on a element: "No label" (href: /)
[2026-08-24T14:40:07.033Z] [CLICK] [URL: /] - User clicked on button element: "No label"
[2026-08-24T14:40:08.218Z] [CLICK] [URL: /] - User clicked on a element: "מקורות" (href: /sources)
[2026-08-24T14:48:39.705Z] [CLICK] [URL: /sources] - User clicked on a element: "No label" (href: /)
[2026-08-24T14:48:44.390Z] [CLICK] [URL: /] - User clicked on button element: "No label"
[2026-08-24T14:48:45.589Z] [CLICK] [URL: /] - User clicked on a element: "הגדרות" (href: /settings)
[2026-08-24T15:01:47.738Z] [CLICK] [URL: /settings] - User clicked on button element: "שמור הגדרות"
[2026-08-24T15:01:49.910Z] [CLICK] [URL: /settings] - User clicked on a element: "No label" (href: /)
[2026-08-24T15:02:14.021Z] [CLICK] [URL: /] - User clicked on button element: "No label"
[2026-08-24T15:02:15.533Z] [CLICK] [URL: /] - User clicked on a element: "מקורות" (href: /sources)
[2026-08-24T15:02:24.173Z] [CLICK] [URL: /sources] - User clicked on a element: "No label" (href: /)
[2026-08-24T15:02:28.584Z] [CLICK] [URL: /] - User clicked on button element: "No label"
[2026-08-24T15:02:29.977Z] [CLICK] [URL: /] - User clicked on a element: "הגדרות" (href: /settings)
[2026-08-24T15:03:15.918Z] [CLICK] [URL: /settings] - User clicked on button element: "שמור הגדרות"
[2026-08-24T15:03:18.812Z] [CLICK] [URL: /settings] - User clicked on a element: "No label" (href: /)
[2026-08-24T15:03:31.767Z] [CLICK] [URL: /] - User clicked on button element: "סטארט-אפים והשקעות"
[2026-08-24T15:03:37.725Z] [CLICK] [URL: /] - User clicked on button element: "No label"
[2026-08-24T15:03:38.839Z] [CLICK] [URL: /] - User clicked on a element: "הגדרות" (href: /settings)
[2026-08-24T15:03:55.907Z] [CLICK] [URL: /settings] - User clicked on button element: "שמור הגדרות"
[2026-08-24T15:03:58.769Z] [CLICK] [URL: /settings] - User clicked on a element: "No label" (href: /)
[2026-08-24T15:04:22.358Z] [CLICK] [URL: /] - User clicked on button element: "כלכלה"
[2026-08-24T15:04:25.428Z] [CLICK] [URL: /] - User clicked on button element: "No label"
[2026-08-24T15:04:27.135Z] [CLICK] [URL: /] - User clicked on a element: "הגדרות" (href: /settings)
[2026-08-24T15:04:37.767Z] [CLICK] [URL: /settings] - User clicked on button element: "שמור הגדרות"
[2026-08-24T15:04:40.261Z] [CLICK] [URL: /settings] - User clicked on a element: "No label" (href: /)
[2026-08-24T15:10:59.641Z] [CLICK] [URL: /] - User clicked on button element: "No label"
[2026-08-24T15:11:00.669Z] [CLICK] [URL: /] - User clicked on a element: "הגדרות" (href: /settings)
[2026-08-24T15:11:15.545Z] [CLICK] [URL: /settings] - User clicked on button element: "שמור הגדרות"
[2026-08-24T15:11:18.293Z] [CLICK] [URL: /settings] - User clicked on a element: "No label" (href: /)
[2026-08-24T15:11:29.220Z] [CLICK] [URL: /] - User clicked on button element: "No label"
[2026-08-24T15:11:31.016Z] [CLICK] [URL: /] - User clicked on a element: "הגדרות" (href: /settings)
[2026-08-24T15:15:41.553Z] [CLICK] [URL: /settings] - User clicked on button element: "שמור הגדרות"
[2026-08-24T15:15:44.181Z] [CLICK] [URL: /settings] - User clicked on a element: "No label" (href: /)
[2026-08-24T15:16:19.651Z] [CLICK] [URL: /] - User clicked on button element: "No label"
[2026-08-24T15:16:20.881Z] [CLICK] [URL: /] - User clicked on a element: "הגדרות" (href: /settings)
[2026-08-24T15:23:08.223Z] [CLICK] [URL: /settings] - User clicked on button element: "שמור הגדרות"
[2026-08-24T15:23:11.004Z] [CLICK] [URL: /settings] - User clicked on a element: "No label" (href: /)
[2026-08-24T15:23:26.931Z] [CLICK] [URL: /] - User clicked on button element: "No label"
[2026-08-24T15:23:28.064Z] [CLICK] [URL: /] - User clicked on a element: "הגדרות" (href: /settings)
[2026-08-24T15:23:34.757Z] [CLICK] [URL: /settings] - User clicked on button element: "שמור הגדרות"
[2026-08-24T15:23:37.531Z] [CLICK] [URL: /settings] - User clicked on a element: "No label" (href: /)
[2026-08-24T15:23:48.509Z] [CLICK] [URL: /] - User clicked on button element: "הייטק"
[2026-08-24T15:24:02.607Z] [CLICK] [URL: /] - User clicked on button element: "כלכלה"
[2026-08-24T15:24:15.181Z] [CLICK] [URL: /] - User clicked on button element: "ראשי"
[2026-08-24T15:26:05.524Z] [CLICK] [URL: /] - User clicked on button element: "No label"
[2026-08-24T15:26:06.654Z] [CLICK] [URL: /] - User clicked on a element: "הגדרות" (href: /settings)
[2026-08-24T15:29:01.877Z] [CLICK] [URL: /settings] - User clicked on button element: "שמור הגדרות"
[2026-08-24T15:29:04.148Z] [CLICK] [URL: /settings] - User clicked on a element: "No label" (href: /)
[2026-08-24T15:29:58.249Z] [CLICK] [URL: /] - User clicked on button element: "No label"
[2026-08-24T15:29:59.746Z] [CLICK] [URL: /] - User clicked on a element: "הגדרות" (href: /settings)
[2026-08-24T15:35:23.938Z] [CLICK] [URL: /] - User clicked on button element: "No label"
[2026-08-24T15:35:25.325Z] [CLICK] [URL: /] - User clicked on a element: "הגדרות" (href: /settings)
[2026-08-24T15:36:08.096Z] [CLICK] [URL: /settings] - User clicked on button element: "שמור הגדרות"
[2026-08-24T15:36:11.706Z] [CLICK] [URL: /settings] - User clicked on a element: "No label" (href: /)
[2026-08-24T15:36:27.754Z] [CLICK] [URL: /] - User clicked on button element: "No label"
[2026-08-24T15:36:29.515Z] [CLICK] [URL: /] - User clicked on a element: "מקורות" (href: /sources)
[2026-08-24T15:36:35.964Z] [CLICK] [URL: /sources] - User clicked on a element: "No label" (href: /)
[2026-08-24T15:36:54.905Z] [CLICK] [URL: /] - User clicked on button element: "No label"
[2026-08-24T15:36:56.133Z] [CLICK] [URL: /] - User clicked on a element: "הגדרות" (href: /settings)
[2026-08-24T16:01:27.362Z] [CLICK] [URL: /] - User clicked on button element: "No label"
[2026-08-24T16:01:28.709Z] [CLICK] [URL: /] - User clicked on a element: "הגדרות" (href: /settings)
[2026-08-24T16:01:39.426Z] [CLICK] [URL: /settings] - User clicked on button element: "שמור הגדרות"
[2026-08-24T16:01:41.999Z] [CLICK] [URL: /settings] - User clicked on a element: "No label" (href: /)
[2026-08-24T16:02:01.435Z] [CLICK] [URL: /] - User clicked on button element: "No label"
[2026-08-24T16:02:02.653Z] [CLICK] [URL: /] - User clicked on a element: "הגדרות" (href: /settings)
[2026-08-24T16:02:16.395Z] [CLICK] [URL: /settings] - User clicked on button element: "שמור הגדרות"
[2026-08-24T16:02:19.730Z] [CLICK] [URL: /settings] - User clicked on a element: "No label" (href: /)
[2026-08-24T16:02:36.857Z] [CLICK] [URL: /] - User clicked on button element: "הייטק"
[2026-08-24T16:02:38.073Z] [CLICK] [URL: /] - User clicked on button element: "ראשי"
[2026-08-24T16:02:39.379Z] [CLICK] [URL: /] - User clicked on button element: "סטארט-אפים והשקעות"
[2026-08-24T16:02:40.151Z] [CLICK] [URL: /] - User clicked on button element: "כלכלה"
[2026-08-24T16:02:40.786Z] [CLICK] [URL: /] - User clicked on button element: "עולם הרכב החשמלי"
[2026-08-24T16:02:42.419Z] [CLICK] [URL: /] - User clicked on button element: "No label"
[2026-08-24T16:02:44.333Z] [CLICK] [URL: /] - User clicked on a element: "מקורות" (href: /sources)
[2026-08-24T16:02:47.098Z] [CLICK] [URL: /sources] - User clicked on a element: "No label" (href: /)
[2026-09-14T18:14:15.897Z] [CLICK] [URL: /] - User clicked on button element: "ראשי"
[2026-09-14T18:18:28.088Z] [CLICK] [URL: /] - User clicked on button element: "No label"
[2026-09-14T18:18:29.439Z] [CLICK] [URL: /] - User clicked on a element: "הגדרות" (href: /settings)
[2026-09-14T18:27:51.714Z] [CLICK] [URL: /settings] - User clicked on button element: "שמור הגדרות"
[2026-09-14T18:27:55.503Z] [CLICK] [URL: /settings] - User clicked on a element: "No label" (href: /)
[2026-09-14T18:27:58.465Z] [CLICK] [URL: /] - User clicked on button element: "ספורט"
[2026-09-14T18:29:03.616Z] [CLICK] [URL: /] - User clicked on button element: "טכנולוגיות רכב"
[2026-09-14T18:29:07.751Z] [CLICK] [URL: /] - User clicked on button element: "ספורט"
[2026-09-14T18:29:09.493Z] [CLICK] [URL: /] - User clicked on button element: "כלכלה"
[2026-09-14T18:29:13.830Z] [CLICK] [URL: /] - User clicked on button element: "סטארט-אפים והשקעות"
[2026-09-14T18:29:15.797Z] [CLICK] [URL: /] - User clicked on button element: "הייטק"
[2026-09-14T18:29:19.549Z] [CLICK] [URL: /] - User clicked on button element: "הייטק"
[2026-09-14T18:29:20.225Z] [CLICK] [URL: /] - User clicked on button element: "סטארט-אפים והשקעות"
[2026-09-14T18:29:21.335Z] [CLICK] [URL: /] - User clicked on button element: "כלכלה"
[2026-09-14T18:29:21.949Z] [CLICK] [URL: /] - User clicked on button element: "ספורט"
[2026-09-14T18:29:23.562Z] [CLICK] [URL: /] - User clicked on button element: "טכנולוגיות רכב"
[2026-09-14T18:29:24.856Z] [CLICK] [URL: /] - User clicked on button element: "No label"
[2026-09-14T18:29:26.040Z] [CLICK] [URL: /] - User clicked on a element: "הגדרות" (href: /settings)
[2026-09-14T18:29:57.388Z] [CLICK] [URL: /settings] - User clicked on button element: "שמור הגדרות"
[2026-09-14T18:30:00.035Z] [CLICK] [URL: /settings] - User clicked on a element: "No label" (href: /)
[2026-09-14T18:30:02.526Z] [CLICK] [URL: /] - User clicked on button element: "סטארט-אפים והשקעות"
[2026-09-14T18:30:05.084Z] [CLICK] [URL: /] - User clicked on button element: "כלכלה"
[2026-09-14T18:30:08.721Z] [CLICK] [URL: /] - User clicked on button element: "ספורט"
[2026-09-14T18:30:09.015Z] [CLICK] [URL: /] - User clicked on button element: "ספורט"
[2026-09-14T18:30:11.533Z] [CLICK] [URL: /] - User clicked on button element: "טכנולוגיות רכב"
[2026-09-14T18:30:16.192Z] [CLICK] [URL: /] - User clicked on button element: "No label"
[2026-09-14T18:30:17.432Z] [CLICK] [URL: /] - User clicked on a element: "הגדרות" (href: /settings)
[2026-09-14T18:30:27.000Z] [CLICK] [URL: /settings] - User clicked on button element: "שמור הגדרות"
[2026-09-14T18:30:31.061Z] [CLICK] [URL: /settings] - User clicked on a element: "No label" (href: /)
[2026-09-14T18:30:37.391Z] [CLICK] [URL: /] - User clicked on button element: "סטארט-אפים והשקעות"
[2026-09-14T18:30:39.922Z] [CLICK] [URL: /] - User clicked on button element: "אבטחת מידע וסייבר"
[2026-09-14T18:30:41.677Z] [CLICK] [URL: /] - User clicked on button element: "כלכלה"
[2026-09-14T18:30:44.755Z] [CLICK] [URL: /] - User clicked on button element: "ספורט"
[2026-09-14T18:30:47.400Z] [CLICK] [URL: /] - User clicked on button element: "כלכלה"
[2026-09-14T18:30:49.230Z] [CLICK] [URL: /] - User clicked on button element: "אבטחת מידע וסייבר"
[2026-09-14T18:30:50.826Z] [CLICK] [URL: /] - User clicked on button element: "סטארט-אפים והשקעות"
[2026-09-14T18:30:52.817Z] [CLICK] [URL: /] - User clicked on button element: "אבטחת מידע וסייבר"
[2026-09-14T18:30:53.600Z] [CLICK] [URL: /] - User clicked on button element: "הייטק"
[2026-09-14T18:30:55.044Z] [CLICK] [URL: /] - User clicked on button element: "No label"
[2026-09-14T18:30:56.188Z] [CLICK] [URL: /] - User clicked on a element: "הגדרות" (href: /settings)
[2026-09-14T18:31:23.449Z] [CLICK] [URL: /settings] - User clicked on button element: "שמור הגדרות"
[2026-09-14T18:31:26.508Z] [CLICK] [URL: /settings] - User clicked on a element: "No label" (href: /)
[2026-09-14T18:31:29.350Z] [CLICK] [URL: /] - User clicked on button element: "הייטק"
[2026-09-14T18:31:31.230Z] [CLICK] [URL: /] - User clicked on button element: "עולם"
[2026-09-14T18:31:32.519Z] [CLICK] [URL: /] - User clicked on button element: "כלכלה"
[2026-09-14T18:31:33.992Z] [CLICK] [URL: /] - User clicked on button element: "ספורט"
[2026-09-14T18:31:38.832Z] [CLICK] [URL: /] - User clicked on button element: "סגנון חיים"
[2026-09-14T18:31:46.530Z] [CLICK] [URL: /] - User clicked on button element: "ספורט"
